########theia output file for simulation:########
			CharacterizationofSFP


##########META DATA##########
Generated at: Fri May 19 13:12:10 2017
Input file: devTest.tia
Simulation Order: 1
Simulation Threshold: 50.0mW
Number of Components: 11
Number of Optics: 7

##########SIMULATION DATA##########
Simulation: CharacterizationofSFP (devTest.*) {
	InBeams: {
		Beam: TestBeam (TB) {
			Power: 1.0W/Index: 1.0/Wavelength: 1064.0nm/Length: 0.45724050229m
			Order: 0
			Origin: [ 0.  0.  0.]
			Direction: [  1.00000000e+00   0.00000000e+00   6.12323400e-17]
			Ux: [ -6.12323400e-17   0.00000000e+00   1.00000000e+00]
			Uy: [ 0. -1.  0.]
			Tens: [-1.35473e-06j, 0j]
			      [0j, (-2.29411e-13-3.38682e-07j)]
			Waist Pos: (0.0, 1.9999999312280061)m
			Waist Size: (0.49999999197417017, 0.99999998394811096)m
			Rayleigh: (738156.14490936114, 2952624.57963609)m
			ROC: inf
		}
		Beam: Laser (Las) {
			Power: 1.0W/Index: 1.0/Wavelength: 1064.0nm/Length: 0.56224050229m
			Order: 0
			Origin: [-0.105  0.     0.   ]
			Direction: [  1.00000000e+00   0.00000000e+00   6.12323400e-17]
			Ux: [ -6.12323400e-17   0.00000000e+00   1.00000000e+00]
			Uy: [ 0. -1.  0.]
			Tens: [-11.7191j, 0j]
			      [0j, -9.58244j]
			Waist Pos: (0.0, 0.0)m
			Waist Size: (0.00018800000378950692, 0.00017000000114331516)m
			Rayleigh: (0.10435757069999099, 0.085330854238691148)m
			ROC: inf
		}
	}
	BeamTrees: {
		Tree: {
			Root beam: TestBeam
			Number of beams: 16
		}
		Tree: {
			Root beam: Laser
			Number of beams: 16
		}
	}
}

##########BEAM LISTING##########
Tree: Root beam = TestBeam {
	Beam: TestBeam (TB) {
		Power: 1.0W/Index: 1.0/Wavelength: 1064.0nm/Length: 0.45724050229m
		Order: 0
		Origin: [ 0.  0.  0.]
		Direction: [  1.00000000e+00   0.00000000e+00   6.12323400e-17]
		Ux: [ -6.12323400e-17   0.00000000e+00   1.00000000e+00]
		Uy: [ 0. -1.  0.]
		Tens: [-1.35473e-06j, 0j]
		      [0j, (-2.29411e-13-3.38682e-07j)]
		Waist Pos: (0.0, 1.9999999312280061)m
		Waist Size: (0.49999999197417017, 0.99999998394811096)m
		Rayleigh: (738156.14490936114, 2952624.57963609)m
		ROC: inf
	}
	Beam: Beam2 (TBr) {
		Power: 0.1W/Index: 1.0/Wavelength: 1064.0nm/Length: 0.0m
		Order: 1
		Origin: [  4.57240502e-01   0.00000000e+00   2.79979059e-17]
		Direction: [ -1.00000000e+00   0.00000000e+00  -3.19392983e-16]
		Ux: [ -3.82856870e-16   0.00000000e+00   1.00000000e+00]
		Uy: [ 0.  1.  0.]
		Tens: [(17.4482006543-1.35472691909e-06j), 0j]
		      [0j, (17.4482006543-3.38681729772e-07j)]
		Waist Pos: (-0.057312499999996887, -0.057312500000000551)m
		Waist Size: (3.8821392651999647e-08, 1.9410696326006534e-08)m
		Rayleigh: (4.4499022041626934e-09, 1.1124755510414428e-09)m
		ROC: (0.057312499999997241, 0.057312500000000571)
	}
	Beam: Beam3 (TBt) {
		Power: 0.9W/Index: 1.4585/Wavelength: 1064.0nm/Length: 0.00551899531971m
		Order: 0
		Origin: [  4.57240502e-01   0.00000000e+00   2.79979059e-17]
		Direction: [  1.00000000e+00   0.00000000e+00   6.12323400e-17]
		Ux: [ -6.12323400e-17   0.00000000e+00   1.00000000e+00]
		Uy: [ 0. -1.  0.]
		Tens: [(-2.74254370929-9.28849447438e-07j), 0j]
		      [0j, (-2.74254370929-2.3221236186e-07j)]
		Waist Pos: (0.36462500000003467, 0.36462499999998127)m
		Waist Size: (1.6934086216797186e-07, 8.4670431083993102e-08)m
		Rayleigh: (1.2349182571823738e-07, 3.0872956429564574e-08)m
		ROC: (-0.36462500000007647, -0.36462499999998388)
	}
	Beam: Beam4 (TBtr) {
		Power: 0.09W/Index: 1.4585/Wavelength: 1064.0nm/Length: 0.00551899531971m
		Order: 1
		Origin: [  4.62759498e-01   0.00000000e+00   2.83358469e-17]
		Direction: [ -1.00000000e+00  -0.00000000e+00   1.96928303e-16]
		Ux: [  2.83276945e-16   0.00000000e+00   1.00000000e+00]
		Uy: [-0.  1.  0.]
		Tens: [(14.6635075916-9.57619270893e-07j), 0j]
		      [0j, (14.6635075916-2.39404817723e-07j)]
		Waist Pos: (-0.068196507128413006, -0.068196507128416656)m
		Waist Size: (3.2158903397478174e-08, 1.6079451698744556e-08)m
		Rayleigh: (4.453660832898777e-09, 1.1134152082254517e-09)m
		ROC: (0.068196507128413297, 0.06819650712841667)
	}
	Beam: Beam16 (TBtrt) {
		Power: 0.081W/Index: 1.0/Wavelength: 1064.0nm/Length: 0.0m
		Order: 1
		Origin: [  4.57240502e-01   0.00000000e+00   2.94226933e-17]
		Direction: [ -1.00000000e+00  -0.00000000e+00   1.96928303e-16]
		Ux: [  2.83276945e-16   0.00000000e+00   1.00000000e+00]
		Uy: [-0.  1.  0.]
		Tens: [(23.7855261317-1.19537980295e-06j), 0j]
		      [0j, (23.7855261317-2.98844950739e-07j)]
		Waist Pos: (-0.042042374613126057, -0.042042374613127764)m
		Waist Size: (2.675075674234174e-08, 1.3375378371175309e-08)m
		Rayleigh: (2.1129070344070641e-09, 5.2822675860211666e-10)m
		ROC: (0.042042374613126161, 0.042042374613127771)
	}
	Beam: Beam5 (TBtt) {
		Power: 0.81W/Index: 1.0/Wavelength: 1064.0nm/Length: 0.395281197491m
		Order: 0
		Origin: [  4.62759498e-01   0.00000000e+00   2.83358469e-17]
		Direction: [  1.00000000e+00   0.00000000e+00   6.12323400e-17]
		Ux: [ -6.12323400e-17   0.00000000e+00   1.00000000e+00]
		Uy: [ 0. -1.  0.]
		Tens: [(-0.0614748319181-1.3966877066e-06j), 0j]
		      [0j, (-0.0614748319192-3.49171926649e-07j)]
		Waist Pos: (16.266819579363776, 16.266819586956622)m
		Waist Size: (1.1187889874169957e-05, 5.5939449383441564e-06)m
		Rayleigh: (0.00036957672307573637, 9.239418081052936e-05)m
		ROC: (-16.266819587760438, -16.266819587481415)
	}
	Beam: Beam6 (TBttr) {
		Power: 0.081W/Index: 1.0/Wavelength: 1064.0nm/Length: 0.395281197491m
		Order: 1
		Origin: [  8.58040695e-01   0.00000000e+00   5.25398395e-17]
		Direction: [ -1.00000000e+00   0.00000000e+00  -3.97595565e-16]
		Ux: [ -3.82856870e-16   0.00000000e+00   1.00000000e+00]
		Uy: [ 0.  1.  0.]
		Tens: [(12.3999946027-1.46712312572e-06j), 0j]
		      [0j, (12.3999946027-3.66780781431e-07j)]
		Waist Pos: (-0.080645196392519103, -0.080645196392532439)m
		Waist Size: (5.6847014710696771e-08, 2.8423507355377512e-08)m
		Rayleigh: (9.5416519439497771e-09, 2.3854129859923329e-09)m
		ROC: (0.080645196392520227, 0.080645196392532509)
	}
	Beam: Beam14 (TBttrt) {
		Power: 0.0729W/Index: 1.4585/Wavelength: 1064.0nm/Length: 0.00551899531971m
		Order: 1
		Origin: [  4.62759498e-01   0.00000000e+00  -1.04622211e-16]
		Direction: [ -1.00000000e+00   0.00000000e+00  -3.97595565e-16]
		Ux: [ -3.82856870e-16   0.00000000e+00   1.00000000e+00]
		Uy: [ 0.  1.  0.]
		Tens: [(-1.3019093252-2.88826844825e-08j), 0j]
		      [0j, (-1.3019093252-7.22067112064e-09j)]
		Waist Pos: (0.76810264788831883, 0.76810264788829563)m
		Waist Size: (6.2904353198339675e-08, 3.1452176599200238e-08)m
		Rayleigh: (1.7040254647269071e-08, 4.2600636618255016e-09)m
		ROC: (-0.76810264788831917, -0.76810264788829563)
	}
	Beam: Beam15 (TBttrtt) {
		Power: 0.06561W/Index: 1.0/Wavelength: 1064.0nm/Length: 0.0m
		Order: 1
		Origin: [  4.57240502e-01   0.00000000e+00  -1.06816540e-16]
		Direction: [ -1.00000000e+00   0.00000000e+00  -3.97595565e-16]
		Ux: [ -3.82856870e-16   0.00000000e+00   1.00000000e+00]
		Uy: [ 0.  1.  0.]
		Tens: [(2.08742294031-4.27373443162e-08j), 0j]
		      [0j, (2.08742294031-1.06843360791e-08j)]
		Waist Pos: (-0.47905960056813501, -0.47905960056814889)m
		Waist Size: (5.7635384070434386e-08, 2.8817692035246763e-08)m
		Rayleigh: (9.808139357919336e-09, 2.4520348394848657e-09)m
		ROC: (0.47905960056813524, 0.47905960056814889)
	}
	Beam: Beam7 (TBttt) {
		Power: 0.729W/Index: 1.4585/Wavelength: 1064.0nm/Length: 0.00391860969836m
		Order: 0
		Origin: [  8.58040695e-01   0.00000000e+00   5.25398395e-17]
		Direction: [  1.00000000e+00   0.00000000e+00   6.12323400e-17]
		Ux: [ -6.12323400e-17   0.00000000e+00   1.00000000e+00]
		Uy: [ 0. -1.  0.]
		Tens: [(-2.0021588768-1.0059123248e-06j), 0j]
		      [0j, (-2.0021588768-2.514780812e-07j)]
		Waist Pos: (0.49946086276459972, 0.49946086276439533)m
		Waist Size: (2.4139273124175339e-07, 1.2069636562091754e-07)m
		Rayleigh: (2.5093604879759418e-07, 6.2734012199441016e-08)m
		ROC: (-0.49946086276472579, -0.49946086276440316)
	}
	Beam: Beam8 (TBtttr) {
		Power: 0.0729W/Index: 1.4585/Wavelength: 1064.0nm/Length: 0.00391860969836m
		Order: 1
		Origin: [  8.61959305e-01   0.00000000e+00   5.27797852e-17]
		Direction: [ -1.00000000e+00  -0.00000000e+00   2.75130885e-16]
		Ux: [  2.83276945e-16   0.00000000e+00   1.00000000e+00]
		Uy: [-0.  1.  0.]
		Tens: [(10.4450090775-1.02188417384e-06j), 0j]
		      [0j, (10.4450090775-2.55471043461e-07j)]
		Waist Pos: (-0.095739505114833645, -0.095739505114846565)m
		Waist Size: (4.6637437038716426e-08, 2.3318718519381573e-08)m
		Rayleigh: (9.3666443334347408e-09, 2.3416610833633761e-09)m
		ROC: (0.095739505114834547, 0.095739505114846621)
	}
	Beam: Beam11 (TBtttrt) {
		Power: 0.06561W/Index: 1.0/Wavelength: 1064.0nm/Length: 0.395281197491m
		Order: 1
		Origin: [  8.58040695e-01   0.00000000e+00   5.38579157e-17]
		Direction: [ -1.00000000e+00  -0.00000000e+00   2.75130885e-16]
		Ux: [  2.83276945e-16   0.00000000e+00   1.00000000e+00]
		Uy: [-0.  1.  0.]
		Tens: [(17.4921778739-1.37551435793e-06j), 0j]
		      [0j, (17.4921778739-3.43878589483e-07j)]
		Waist Pos: (-0.05716841020060983, -0.057168410200615964)m
		Waist Size: (3.901975666347514e-08, 1.9509878331756701e-08)m
		Rayleigh: (4.4954933352289084e-09, 1.1238733338094313e-09)m
		ROC: (0.057168410200610177, 0.057168410200615985)
	}
	Beam: Beam12 (TBtttrtt) {
		Power: 0.059049W/Index: 1.4585/Wavelength: 1064.0nm/Length: 0.00551899531971m
		Order: 1
		Origin: [  4.62759498e-01   0.00000000e+00   1.62611981e-16]
		Direction: [ -1.00000000e+00  -0.00000000e+00   2.75130885e-16]
		Ux: [  2.83276945e-16   0.00000000e+00   1.00000000e+00]
		Uy: [-0.  1.  0.]
		Tens: [(-1.22715743054-1.50567241094e-08j), 0j]
		      [0j, (-1.22715743054-3.76418102736e-09j)]
		Waist Pos: (0.81489137018171653, 0.8148913701817031)m
		Waist Size: (4.8184529854608965e-08, 2.4092264927327405e-08)m
		Rayleigh: (9.998386706252978e-09, 2.4995966765680008e-09)m
		ROC: (-0.81489137018171665, -0.8148913701817031)
	}
	Beam: Beam13 (TBtttrttt) {
		Power: 0.0531441W/Index: 1.0/Wavelength: 1064.0nm/Length: 0.0m
		Order: 1
		Origin: [  4.57240502e-01   0.00000000e+00   1.64130427e-16]
		Direction: [ -1.00000000e+00  -0.00000000e+00   2.75130885e-16]
		Ux: [  2.83276945e-16   0.00000000e+00   1.00000000e+00]
		Uy: [-0.  1.  0.]
		Tens: [(2.19798643332-2.22607406049e-08j), 0j]
		      [0j, (2.19798643332-5.56518515125e-09j)]
		Waist Pos: (-0.45496186183961718, -0.4549618618396235)m
		Waist Size: (3.9503963803469115e-08, 1.9751981901753953e-08)m
		Rayleigh: (4.607757280955079e-09, 1.1519393202410319e-09)m
		ROC: (0.45496186183961718, 0.4549618618396235)
	}
	Beam: Beam9 (TBtttt) {
		Power: 0.6561W/Index: 1.0/Wavelength: 1064.0nm/Length: 0.151576273303m
		Order: 0
		Origin: [  8.61959305e-01   0.00000000e+00   5.27797852e-17]
		Direction: [  1.00000000e+00   0.00000000e+00   6.12323400e-17]
		Ux: [ -6.12323400e-17   0.00000000e+00   1.00000000e+00]
		Uy: [ 0. -1.  0.]
		Tens: [(-0.0860975849687-1.49041806755e-06j), 0j]
		      [0j, (-0.0860975849706-3.72604516888e-07j)]
		Waist Pos: (11.614727637998739, 11.614727641002565)m
		Waist Size: (8.2519950957371554e-06, 4.1259975483596781e-06)m
		Rayleigh: (0.00020106022634267396, 5.0265056597634173e-05)m
		ROC: (-11.614727641479252, -11.614727641220098)
	}
	Beam: Beam10 (TBttttr) {
		Power: 0.6547878W/Index: 1.0/Wavelength: 1064.0nm/Length: 0.0m
		Order: 0
		Origin: [  1.01353558e+00   0.00000000e+00   6.20611551e-17]
		Direction: [ -1.00000000e-02   9.99949999e-01  -2.85873327e-17]
		Ux: [  6.12323400e-19  -6.12292783e-17   1.00000000e+00]
		Uy: [ 0.99995  0.01     0.     ]
		Tens: [(-2.9297701267-1.5300940025e-06j), (-8.28911518643e-16-8.65585326221e-23j)]
		      [(-8.28911518643e-16-8.65585326221e-23j), (-5.71601640384-3.82523500626e-07j)]
		Waist Pos: (0.34132370689588371, 0.17494701368042842)m
		Waist Size: (2.4570918286967222e-07, 6.2969677916431939e-08)m
		Rayleigh: (1.7825881698795652e-07, 1.1707689301279279e-08)m
		ROC: (-0.3413237068959768, -0.1749470136804292)
	}
}
Tree: Root beam = Laser {
	Beam: Laser (Las) {
		Power: 1.0W/Index: 1.0/Wavelength: 1064.0nm/Length: 0.56224050229m
		Order: 0
		Origin: [-0.105  0.     0.   ]
		Direction: [  1.00000000e+00   0.00000000e+00   6.12323400e-17]
		Ux: [ -6.12323400e-17   0.00000000e+00   1.00000000e+00]
		Uy: [ 0. -1.  0.]
		Tens: [-11.7191j, 0j]
		      [0j, -9.58244j]
		Waist Pos: (0.0, 0.0)m
		Waist Size: (0.00018800000378950692, 0.00017000000114331516)m
		Rayleigh: (0.10435757069999099, 0.085330854238691148)m
		ROC: inf
	}
	Beam: Beam17 (Lasr) {
		Power: 0.1W/Index: 1.0/Wavelength: 1064.0nm/Length: 0.0m
		Order: 1
		Origin: [  4.57240502e-01   0.00000000e+00   3.44273016e-17]
		Direction: [ -1.00000000e+00   0.00000000e+00  -3.78320956e-16]
		Ux: [ -3.82856870e-16   0.00000000e+00   1.00000000e+00]
		Uy: [ 0.  1.  0.]
		Tens: [(19.1867532656-0.263858934238j), 0j]
		      [0j, (19.1675649629-0.319131564608j)]
		Waist Pos: (-0.052109437200746671, -0.052157009554153554)m
		Waist Size: (1.5578987382160295e-05, 1.7149585506517346e-05)m
		Rayleigh: (0.00071661632237520151, 0.00086839137347291203)m
		ROC: (0.052119292209380053, 0.052171467890319075)
	}
	Beam: Beam18 (Last) {
		Power: 0.9W/Index: 1.4585/Wavelength: 1064.0nm/Length: 0.00551899531971m
		Order: 0
		Origin: [  4.57240502e-01   0.00000000e+00   3.44273016e-17]
		Direction: [  1.00000000e+00   0.00000000e+00   6.12323400e-17]
		Ux: [ -6.12323400e-17   0.00000000e+00   1.00000000e+00]
		Uy: [ 0. -1.  0.]
		Tens: [(-1.55052957744-0.180911165059j), 0j]
		      [0j, (-1.56368576713-0.218808066238j)]
		Waist Pos: (0.63627893797955248, 0.62723303109454331)m
		Waist Size: (0.00013129829676184043, 0.00014276246687240684)m
		Rayleigh: (0.074239128132263604, 0.087769326484485238)m
		ROC: (-0.64494093795607188, -0.63951467808959617)
	}
	Beam: Beam19 (Lastr) {
		Power: 0.09W/Index: 1.4585/Wavelength: 1064.0nm/Length: 0.00551899531971m
		Order: 1
		Origin: [  4.62759498e-01   0.00000000e+00   3.47652426e-17]
		Direction: [ -1.00000000e+00  -0.00000000e+00   2.55856276e-16]
		Ux: [  2.83276945e-16   0.00000000e+00   1.00000000e+00]
		Uy: [-0.  1.  0.]
		Tens: [(15.8844734535-0.184047426249j), 0j]
		      [0j, (15.8711740406-0.222633808747j)]
		Waist Pos: (-0.062946107158481021, -0.062994915422313155)m
		Waist Size: (1.3013842967157148e-05, 1.4324729855643897e-05)m
		Rayleigh: (0.00072933289534851935, 0.00088366480742611885)m
		ROC: (0.062954557664735497, 0.063007311081338155)
	}
	Beam: Beam31 (Lastrt) {
		Power: 0.081W/Index: 1.0/Wavelength: 1064.0nm/Length: 0.0m
		Order: 1
		Origin: [  4.57240502e-01   0.00000000e+00   3.61773122e-17]
		Direction: [ -1.00000000e+00  -0.00000000e+00   2.55856276e-16]
		Ux: [  2.83276945e-16   0.00000000e+00   1.00000000e+00]
		Uy: [-0.  1.  0.]
		Tens: [(25.3004064523-0.226905190347j), 0j]
		      [0j, (25.2841072125-0.274513836643j)]
		Waist Pos: (-0.03952187785720556, -0.039545874701445015)m
		Waist Size: (1.0956532454285257e-05, 1.205881906303189e-05)m
		Rayleigh: (0.00035444961071964267, 0.00042935626306440456)m
		ROC: (0.039525056717455903, 0.039550536295151678)
	}
	Beam: Beam20 (Lastt) {
		Power: 0.81W/Index: 1.0/Wavelength: 1064.0nm/Length: 0.395281197491m
		Order: 0
		Origin: [  4.62759498e-01   0.00000000e+00   3.47652426e-17]
		Direction: [  1.00000000e+00   0.00000000e+00   6.12323400e-17]
		Ux: [ -6.12323400e-17   0.00000000e+00   1.00000000e+00]
		Uy: [ 0. -1.  0.]
		Tens: [(1.71930387757-0.268433171184j), 0j]
		      [0j, (1.69990668386-0.324711410058j)]
		Waist Pos: (-0.56779014737029287, -0.56755874597668121)m
		Waist Size: (0.00017327327077410184, 0.00019161853783517948)m
		Rayleigh: (0.088648500020338153, 0.1084134808379837)m
		ROC: (0.58163074779679313, 0.58826758521266531)
	}
	Beam: Beam21 (Lasttr) {
		Power: 0.081W/Index: 1.0/Wavelength: 1064.0nm/Length: 0.395281197491m
		Order: 1
		Origin: [  8.58040695e-01   0.00000000e+00   5.89692352e-17]
		Direction: [ -1.00000000e+00   0.00000000e+00  -4.38663168e-16]
		Ux: [ -3.82856870e-16   0.00000000e+00   1.00000000e+00]
		Uy: [ 0.  1.  0.]
		Tens: [(13.4926213895-0.094774235393j), 0j]
		      [0j, (13.4885920092-0.115479161126j)]
		Waist Pos: (-0.074110925878923622, -0.07413128885112763)m
		Waist Size: (1.3278040067426863e-05, 1.4661052667722464e-05)m
		Rayleigh: (0.00052056647345787911, 0.00063465623720151574)m
		ROC: (0.074114582417417432, 0.074136722299616944)
	}
	Beam: Beam29 (Lasttrt) {
		Power: 0.0729W/Index: 1.4585/Wavelength: 1064.0nm/Length: 0.00551899531971m
		Order: 1
		Origin: [  4.62759498e-01   0.00000000e+00  -1.14426067e-16]
		Direction: [ -1.00000000e+00   0.00000000e+00  -4.38663168e-16]
		Ux: [ -3.82856870e-16   0.00000000e+00   1.00000000e+00]
		Uy: [ 0.  1.  0.]
		Tens: [(-1.28185647169-0.00161993515921j), 0j]
		      [0j, (-1.28192070936-0.0019747951409j)]
		Waist Pos: (0.78011729475860558, 0.78007759729136139)m
		Waist Size: (1.5130445986145454e-05, 1.6704827947783041e-05)m
		Rayleigh: (0.00098586656307046955, 0.0012017072798739064)m
		ROC: (-0.78011854063904784, -0.78007944851794642)
	}
	Beam: Beam30 (Lasttrtt) {
		Power: 0.06561W/Index: 1.0/Wavelength: 1064.0nm/Length: 0.0m
		Order: 1
		Origin: [  4.57240502e-01   0.00000000e+00  -1.16847047e-16]
		Direction: [ -1.00000000e+00   0.00000000e+00  -4.38663168e-16]
		Ux: [ -3.82856870e-16   0.00000000e+00   1.00000000e+00]
		Uy: [ 0.  1.  0.]
		Tens: [(2.11709160934-0.00239646333464j), 0j]
		      [0j, (2.1169965893-0.00292143021961j)]
		Waist Pos: (-0.47234551129372615, -0.47236641791887268)m
		Waist Size: (1.3456785903179873e-05, 1.4858434853405897e-05)m
		Rayleigh: (0.00053467629558632006, 0.00065186006203772791)m
		ROC: (0.47234611652598563, 0.47236731747803767)
	}
	Beam: Beam22 (Lasttt) {
		Power: 0.729W/Index: 1.4585/Wavelength: 1064.0nm/Length: 0.00391860969836m
		Order: 0
		Origin: [  8.58040695e-01   0.00000000e+00   5.89692352e-17]
		Direction: [  1.00000000e+00   0.00000000e+00   6.12323400e-17]
		Ux: [ -6.12323400e-17   0.00000000e+00   1.00000000e+00]
		Uy: [ 0. -1.  0.]
		Tens: [(-1.2530146966-0.06498062077j), 0j]
		      [0j, (-1.2557773845-0.079176661725j)]
		Waist Pos: (0.79593464968207128, 0.79316641663608445)m
		Waist Size: (9.7902822410629193e-05, 0.00010776235763750643)m
		Rayleigh: (0.041276712690549042, 0.050009077912129239)m
		ROC: (-0.79807523623803867, -0.79631948492183979)
	}
	Beam: Beam23 (Lastttr) {
		Power: 0.0729W/Index: 1.4585/Wavelength: 1064.0nm/Length: 0.00391860969836m
		Order: 1
		Origin: [  8.61959305e-01   0.00000000e+00   5.92091809e-17]
		Direction: [ -1.00000000e+00  -0.00000000e+00   3.16198488e-16]
		Ux: [  2.83276945e-16   0.00000000e+00   1.00000000e+00]
		Uy: [-0.  1.  0.]
		Tens: [(11.2038198086-0.0656234667676j), 0j]
		      [0j, (11.2010378986-0.079961684874j)]
		Waist Pos: (-0.089252211388469435, -0.08927289145441035)m
		Waist Size: (1.1017896304942172e-05, 1.2165061155310479e-05)m
		Rayleigh: (0.0005227716643137158, 0.00063729905022365263)m
		ROC: (0.08925527338781665, 0.089277440988684412)
	}
	Beam: Beam26 (Lastttrt) {
		Power: 0.06561W/Index: 1.0/Wavelength: 1064.0nm/Length: 0.395281197491m
		Order: 1
		Origin: [  8.58040695e-01   0.00000000e+00   6.04482393e-17]
		Direction: [ -1.00000000e+00  -0.00000000e+00   3.16198488e-16]
		Ux: [  2.83276945e-16   0.00000000e+00   1.00000000e+00]
		Uy: [-0.  1.  0.]
		Tens: [(18.5106926245-0.0878304191036j), 0j]
		      [0j, (18.5069797667-0.107022915987j)]
		Waist Pos: (-0.054021613734980808, -0.054031861085786302)m
		Waist Size: (9.3173154036131652e-06, 1.0287064332381061e-05)m
		Rayleigh: (0.0002563243348725122, 0.00031245764584634085)m
		ROC: (0.054022829954936215, 0.054033667978580405)
	}
	Beam: Beam27 (Lastttrtt) {
		Power: 0.059049W/Index: 1.4585/Wavelength: 1064.0nm/Length: 0.00551899531971m
		Order: 1
		Origin: [  4.62759498e-01   0.00000000e+00   1.85435556e-16]
		Direction: [ -1.00000000e+00  -0.00000000e+00   3.16198488e-16]
		Ux: [  2.83276945e-16   0.00000000e+00   1.00000000e+00]
		Uy: [-0.  1.  0.]
		Tens: [(-1.21654456786-0.00087057259641j), 0j]
		      [0j, (-1.21657961218-0.0010611735856j)]
		Waist Pos: (0.82199987926576967, 0.82197599659839415)m
		Waist Size: (1.1687376159652421e-05, 1.2903133097661031e-05)m
		Rayleigh: (0.00058823210266855102, 0.00071697668353014668)m
		ROC: (-0.82200030021109516, -0.8219766219883895)
	}
	Beam: Beam28 (Lastttrttt) {
		Power: 0.0531441W/Index: 1.0/Wavelength: 1064.0nm/Length: 0.0m
		Order: 1
		Origin: [  4.57240502e-01   0.00000000e+00   1.87180654e-16]
		Direction: [ -1.00000000e+00  -0.00000000e+00   3.16198488e-16]
		Ux: [  2.83276945e-16   0.00000000e+00   1.00000000e+00]
		Uy: [-0.  1.  0.]
		Tens: [(2.21367619053-0.00128695359702j), 0j]
		      [0j, (2.21362438808-0.00156871661308j)]
		Waist Pos: (-0.45173709971421505, -0.45174759691871108)m
		Waist Size: (9.4311174704036555e-06, 1.041271749029918e-05)m
		Rayleigh: (0.00026262408561512224, 0.0003201374018210271)m
		ROC: (0.45173725239463552, 0.45174782378866402)
	}
	Beam: Beam24 (Lastttt) {
		Power: 0.6561W/Index: 1.0/Wavelength: 1064.0nm/Length: 0.151576273303m
		Order: 0
		Origin: [  8.61959305e-01   0.00000000e+00   5.92091809e-17]
		Direction: [  1.00000000e+00   0.00000000e+00   6.12323400e-17]
		Ux: [ -6.12323400e-17   0.00000000e+00   1.00000000e+00]
		Uy: [ 0. -1.  0.]
		Tens: [(1.02062786627-0.0957118262806j), 0j]
		      [0j, (1.01657045053-0.116624117389j)]
		Waist Pos: (-0.97124769569238123, -0.97092098328599941)m
		Waist Size: (0.00017563455675361693, 0.00019422863828440391)m
		Rayleigh: (0.091081082339694502, 0.11138706881608297)m
		ROC: (0.97978904265975419, 0.98369965355167666)
	}
	Beam: Beam25 (Lasttttr) {
		Power: 0.6547878W/Index: 1.0/Wavelength: 1064.0nm/Length: 0.0m
		Order: 0
		Origin: [  1.01353558e+00   0.00000000e+00   6.84905508e-17]
		Direction: [ -1.00000000e-02   9.99949999e-01  -4.68631091e-17]
		Ux: [  6.12323400e-19  -6.12292783e-17   1.00000000e+00]
		Uy: [ 0.99995  0.01     0.     ]
		Tens: [(-1.95774453729-0.0717722381095j), (-6.09548323462e-16-1.98089032906e-17j)]
		      [(-6.09548323462e-16-1.98089032906e-17j), (-4.7465963503-0.087540428433j)]
		Waist Pos: (0.51010628799730606, 0.21060564365994439)m
		Waist Size: (7.9584125852375114e-05, 3.6269708360503725e-05)m
		Rayleigh: (0.018700841333467774, 0.0038841533839803848)m
		ROC: (-0.51079187348175981, -0.21067727824317825)
	}
}
